error: The discriminant function must return an DiscriminantResult<_> (no type alias)
  --> tests/compile-fail/precompile/discriminant/return-incomplete-option.rs:25:36
   |
25 |     fn discriminant(address: H160) -> Option {
   |                                       ^^^^^^
